src/app.ts(15,10): error TS2305: Module '"./modules/attempt/attempt.routes"' has no exported member 'attemptRouter'.
src/modules/attempt/attempt.service.ts(75,15): error TS2322: Type '"INTERVIEW"' is not assignable to type 'QuestionType'.
src/modules/campaign/campaign.service.ts(28,27): error TS2339: Property 'interviewMode' does not exist on type '{ order?: number; roundType?: "MCQ"; timeLimitMinutes?: number; passMarkPercent?: number; failAction?: "MANUAL_REVIEW" | "AUTO_REJECT"; totalQuestions?: number; shuffleQuestions?: boolean; ... 7 more ...; aptitudeTopics?: string[]; } | { ...; } | { ...; } | { ...; }'.
  Property 'interviewMode' does not exist on type '{ order?: number; roundType?: "MCQ"; timeLimitMinutes?: number; passMarkPercent?: number; failAction?: "MANUAL_REVIEW" | "AUTO_REJECT"; totalQuestions?: number; shuffleQuestions?: boolean; negativeMarking?: boolean; ... 6 more ...; aptitudeTopics?: string[]; }'.
src/modules/campaign/campaign.service.ts(29,27): error TS2339: Property 'timerMode' does not exist on type '{ order?: number; roundType?: "MCQ"; timeLimitMinutes?: number; passMarkPercent?: number; failAction?: "MANUAL_REVIEW" | "AUTO_REJECT"; totalQuestions?: number; shuffleQuestions?: boolean; ... 7 more ...; aptitudeTopics?: string[]; } | { ...; } | { ...; } | { ...; }'.
  Property 'timerMode' does not exist on type '{ order?: number; roundType?: "MCQ"; timeLimitMinutes?: number; passMarkPercent?: number; failAction?: "MANUAL_REVIEW" | "AUTO_REJECT"; totalQuestions?: number; shuffleQuestions?: boolean; negativeMarking?: boolean; ... 6 more ...; aptitudeTopics?: string[]; }'.
src/modules/scorecard/scorecard.service.ts(17,11): error TS2353: Object literal may only specify known properties, and 'strikeLog' does not exist in type 'CandidateAttemptInclude<DefaultArgs>'.
src/modules/scorecard/scorecard.service.ts(26,33): error TS2339: Property 'attempts' does not exist on type '{ id: string; userId: string; createdAt: Date; status: CandidateStatus; updatedAt: Date; phone: string; resumeUrl: string; resumeText: string; campaignId: string; }'.
src/modules/scorecard/scorecard.service.ts(40,38): error TS2339: Property 'attempts' does not exist on type '{ id: string; userId: string; createdAt: Date; status: CandidateStatus; updatedAt: Date; phone: string; resumeUrl: string; resumeText: string; campaignId: string; }'.
src/modules/scorecard/scorecard.service.ts(55,34): error TS2339: Property 'strikeLog' does not exist on type '{ id: string; userId: string; createdAt: Date; status: CandidateStatus; updatedAt: Date; phone: string; resumeUrl: string; resumeText: string; campaignId: string; }'.
src/modules/scorecard/scorecard.service.ts(58,33): error TS2551: Property 'campaign' does not exist on type '{ id: string; userId: string; createdAt: Date; status: CandidateStatus; updatedAt: Date; phone: string; resumeUrl: string; resumeText: string; campaignId: string; }'. Did you mean 'campaignId'?
src/modules/scorecard/scorecard.service.ts(59,33): error TS2551: Property 'campaign' does not exist on type '{ id: string; userId: string; createdAt: Date; status: CandidateStatus; updatedAt: Date; phone: string; resumeUrl: string; resumeText: string; campaignId: string; }'. Did you mean 'campaignId'?
src/modules/scorecard/scorecard.service.ts(77,5): error TS2322: Type '{ candidateId: string; technicalFitPercent: any; trustScore: any; gapAnalysis: any; roundScores: any; generatedAt: Date; }' is not assignable to type '(Without<ScoreCardCreateInput, ScoreCardUncheckedCreateInput> & ScoreCardUncheckedCreateInput) | (Without<...> & ScoreCardCreateInput)'.
  Type '{ candidateId: string; technicalFitPercent: any; trustScore: any; gapAnalysis: any; roundScores: any; generatedAt: Date; }' is not assignable to type 'Without<ScoreCardUncheckedCreateInput, ScoreCardCreateInput> & ScoreCardCreateInput'.
    Type '{ candidateId: string; technicalFitPercent: any; trustScore: any; gapAnalysis: any; roundScores: any; generatedAt: Date; }' is not assignable to type 'Without<ScoreCardUncheckedCreateInput, ScoreCardCreateInput>'.
      Types of property 'candidateId' are incompatible.
        Type 'string' is not assignable to type 'never'.
